// Jest Snapshot v1, https://goo.gl/fbAQLP

exports[`Testing the Post Component Should render correctly 1`] = `
<div
  className="alert alert-danger"
>
  <h5>
    4 errors prevented this test from saving:
  </h5>
  <ul>
    <li
      key="error0"
    >
      error1
    </li>
    <li
      key="error1"
    >
      error2
    </li>
    <li
      key="error2"
    >
      error3
    </li>
    <li
      key="error3"
    >
      error4
    </li>
  </ul>
</div>
`;
